// Jest Snapshot v1, https://goo.gl/fbAQLP

exports[`renders correctly 1`] = `
<View
  accessibilityState={
    Object {
      "disabled": true,
    }
  }
  accessible={true}
  focusable={false}
  onClick={[Function]}
  onResponderGrant={[Function]}
  onResponderMove={[Function]}
  onResponderRelease={[Function]}
  onResponderTerminate={[Function]}
  onResponderTerminationRequest={[Function]}
  onStartShouldSetResponder={[Function]}
  style={
    Array [
      false,
      Array [
        Object {
          "padding": 8,
        },
        Object {
          "paddingLeft": 0,
        },
      ],
    ]
  }
>
  <View
    style={
      Object {
        "flexDirection": "row",
      }
    }
  >
    <Image
      resizeMode="contain"
      source={
        Object {
          "testUri": "../../../src/assets/images/Topup.png",
        }
      }
      style={
        Object {
          "alignSelf": "center",
          "height": "100%",
          "marginRight": 10,
          "width": "8.5%",
        }
      }
    />
    <View
      style={
        Array [
          Object {
            "marginVertical": 6,
            "paddingLeft": 8,
          },
          Object {
            "flex": 1,
            "justifyContent": "center",
          },
        ]
      }
    >
      <Text
        numberOfLines={1}
        selectable={false}
        style={
          Array [
            Object {
              "color": "#000000",
              "fontFamily": "System",
              "fontWeight": "400",
            },
            Object {
              "textAlign": "left",
            },
            Array [
              Object {
                "fontSize": 16,
              },
              Object {
                "color": "rgba(0, 0, 0, 0.87)",
              },
              Object {
                "color": "#25345F",
                "fontFamily": "AvenirNextLTPro-Medium",
                "fontSize": 20.5,
              },
            ],
          ]
        }
      >
        This is title
      </Text>
      <Text
        numberOfLines={2}
        selectable={false}
        style={
          Array [
            Object {
              "color": "#000000",
              "fontFamily": "System",
              "fontWeight": "400",
            },
            Object {
              "textAlign": "left",
            },
            Array [
              Object {
                "fontSize": 14,
              },
              Object {
                "color": "rgba(0, 0, 0, 0.54)",
              },
              Object {
                "color": "#22222266",
                "fontFamily": "AvenirNextLTPro-Regular",
                "fontSize": 19,
                "marginTop": 5,
              },
            ],
          ]
        }
      >
        This is description
      </Text>
    </View>
  </View>
</View>
`;
